Archive member included because of file (symbol)

c:/program files (x86)/atmel/atmel toolchain/avr8 gcc/native/3.4.1061/avr8-gnu-toolchain/bin/../lib/gcc/avr/4.8.1/avr51\libgcc.a(_exit.o)
                              c:/program files (x86)/atmel/atmel toolchain/avr8 gcc/native/3.4.1061/avr8-gnu-toolchain/bin/../lib/gcc/avr/4.8.1/../../../../avr/lib/avr51/crtm1284rfr2.o (exit)
c:/program files (x86)/atmel/atmel toolchain/avr8 gcc/native/3.4.1061/avr8-gnu-toolchain/bin/../lib/gcc/avr/4.8.1/avr51\libgcc.a(_copy_data.o)
                              src/RF.o (__do_copy_data)
c:/program files (x86)/atmel/atmel toolchain/avr8 gcc/native/3.4.1061/avr8-gnu-toolchain/bin/../lib/gcc/avr/4.8.1/avr51\libgcc.a(_clear_bss.o)
                              src/RF.o (__do_clear_bss)
c:/program files (x86)/atmel/atmel toolchain/avr8 gcc/native/3.4.1061/avr8-gnu-toolchain/bin/../lib/gcc/avr/4.8.1/avr51\libgcc.a(_umulhisi3.o)
                              src/RF.o (__umulhisi3)
c:/program files (x86)/atmel/atmel toolchain/avr8 gcc/native/3.4.1061/avr8-gnu-toolchain/bin/../lib/gcc/avr/4.8.1/../../../../avr/lib/avr51\libc.a(memcpy.o)
                              src/RF.o (memcpy)

Allocating common symbols
Common symbol       size              file

radioRXBuffer       0x83              src/RF.o
rssiRaw             0x1               src/RF.o

Discarded input sections

 .data          0x00000000        0x0 c:/program files (x86)/atmel/atmel toolchain/avr8 gcc/native/3.4.1061/avr8-gnu-toolchain/bin/../lib/gcc/avr/4.8.1/../../../../avr/lib/avr51/crtm1284rfr2.o
 .bss           0x00000000        0x0 c:/program files (x86)/atmel/atmel toolchain/avr8 gcc/native/3.4.1061/avr8-gnu-toolchain/bin/../lib/gcc/avr/4.8.1/../../../../avr/lib/avr51/crtm1284rfr2.o
 .group         0x00000000        0x8 src/RF.o
 .group         0x00000000        0x8 src/RF.o
 .group         0x00000000        0x8 src/RF.o
 .group         0x00000000        0x8 src/RF.o
 .group         0x00000000        0x8 src/RF.o
 .group         0x00000000        0x8 src/RF.o
 .group         0x00000000        0x8 src/RF.o
 .group         0x00000000        0x8 src/RF.o
 .group         0x00000000        0x8 src/RF.o
 .group         0x00000000        0x8 src/RF.o
 .group         0x00000000        0x8 src/RF.o
 .group         0x00000000        0x8 src/RF.o
 .group         0x00000000        0x8 src/RF.o
 .group         0x00000000        0x8 src/RF.o
 .group         0x00000000        0x8 src/RF.o
 .group         0x00000000        0x8 src/RF.o
 .group         0x00000000        0x8 src/RF.o
 .group         0x00000000        0x8 src/RF.o
 .group         0x00000000        0x8 src/RF.o
 .group         0x00000000        0x8 src/RF.o
 .group         0x00000000        0x8 src/RF.o
 .group         0x00000000        0x8 src/RF.o
 .group         0x00000000        0x8 src/RF.o
 .text          0x00000000        0x0 src/RF.o
 .data          0x00000000        0x0 src/RF.o
 .bss           0x00000000        0x0 src/RF.o
 .text.rfInitStd802_15_4
                0x00000000        0x4 src/RF.o
 .text.rfAvailable
                0x00000000       0x5c src/RF.o
 .text.rfRead   0x00000000       0x84 src/RF.o
 .group         0x00000000        0x8 src/UART.o
 .group         0x00000000        0x8 src/UART.o
 .group         0x00000000        0x8 src/UART.o
 .group         0x00000000        0x8 src/UART.o
 .group         0x00000000        0x8 src/UART.o
 .group         0x00000000        0x8 src/UART.o
 .group         0x00000000        0x8 src/UART.o
 .group         0x00000000        0x8 src/UART.o
 .group         0x00000000        0x8 src/UART.o
 .group         0x00000000        0x8 src/UART.o
 .group         0x00000000        0x8 src/UART.o
 .group         0x00000000        0x8 src/UART.o
 .group         0x00000000        0x8 src/UART.o
 .group         0x00000000        0x8 src/UART.o
 .group         0x00000000        0x8 src/UART.o
 .group         0x00000000        0x8 src/UART.o
 .group         0x00000000        0x8 src/UART.o
 .group         0x00000000        0x8 src/UART.o
 .group         0x00000000        0x8 src/UART.o
 .group         0x00000000        0x8 src/UART.o
 .group         0x00000000        0x8 src/UART.o
 .group         0x00000000        0x8 src/UART.o
 .group         0x00000000        0x8 src/UART.o
 .group         0x00000000        0x8 src/UART.o
 .group         0x00000000        0x8 src/UART.o
 .group         0x00000000        0x8 src/UART.o
 .group         0x00000000        0x8 src/UART.o
 .group         0x00000000        0x8 src/UART.o
 .group         0x00000000        0x8 src/UART.o
 .text          0x00000000        0x0 src/UART.o
 .data          0x00000000        0x0 src/UART.o
 .bss           0x00000000        0x0 src/UART.o
 .debug_macro   0x00000000      0xa48 src/UART.o
 .debug_macro   0x00000000      0x1ad src/UART.o
 .debug_macro   0x00000000      0x293 src/UART.o
 .debug_macro   0x00000000     0x3500 src/UART.o
 .debug_macro   0x00000000      0x219 src/UART.o
 .debug_macro   0x00000000       0xcb src/UART.o
 .debug_macro   0x00000000       0x34 src/UART.o
 .debug_macro   0x00000000       0x18 src/UART.o
 .debug_macro   0x00000000       0x6c src/UART.o
 .debug_macro   0x00000000       0x1c src/UART.o
 .debug_macro   0x00000000       0x66 src/UART.o
 .debug_macro   0x00000000       0x69 src/UART.o
 .debug_macro   0x00000000      0x15a src/UART.o
 .debug_macro   0x00000000       0x10 src/UART.o
 .debug_macro   0x00000000      0x167 src/UART.o
 .group         0x00000000        0x8 src/ASF/common/boards/user_board/init.o
 .group         0x00000000        0x8 src/ASF/common/boards/user_board/init.o
 .group         0x00000000        0x8 src/ASF/common/boards/user_board/init.o
 .group         0x00000000        0x8 src/ASF/common/boards/user_board/init.o
 .group         0x00000000        0x8 src/ASF/common/boards/user_board/init.o
 .group         0x00000000        0x8 src/ASF/common/boards/user_board/init.o
 .group         0x00000000        0x8 src/ASF/common/boards/user_board/init.o
 .group         0x00000000        0x8 src/ASF/common/boards/user_board/init.o
 .group         0x00000000        0x8 src/ASF/common/boards/user_board/init.o
 .group         0x00000000        0x8 src/ASF/common/boards/user_board/init.o
 .group         0x00000000        0x8 src/ASF/common/boards/user_board/init.o
 .group         0x00000000        0x8 src/ASF/common/boards/user_board/init.o
 .group         0x00000000        0x8 src/ASF/common/boards/user_board/init.o
 .group         0x00000000        0x8 src/ASF/common/boards/user_board/init.o
 .group         0x00000000        0x8 src/ASF/common/boards/user_board/init.o
 .group         0x00000000        0x8 src/ASF/common/boards/user_board/init.o
 .group         0x00000000        0x8 src/ASF/common/boards/user_board/init.o
 .group         0x00000000        0x8 src/ASF/common/boards/user_board/init.o
 .group         0x00000000        0x8 src/ASF/common/boards/user_board/init.o
 .group         0x00000000        0x8 src/ASF/common/boards/user_board/init.o
 .group         0x00000000        0x8 src/ASF/common/boards/user_board/init.o
 .group         0x00000000        0x8 src/ASF/common/boards/user_board/init.o
 .group         0x00000000        0x8 src/ASF/common/boards/user_board/init.o
 .group         0x00000000        0x8 src/ASF/common/boards/user_board/init.o
 .group         0x00000000        0x8 src/ASF/common/boards/user_board/init.o
 .group         0x00000000        0x8 src/ASF/common/boards/user_board/init.o
 .group         0x00000000        0x8 src/ASF/common/boards/user_board/init.o
 .text          0x00000000        0x0 src/ASF/common/boards/user_board/init.o
 .data          0x00000000        0x0 src/ASF/common/boards/user_board/init.o
 .bss           0x00000000        0x0 src/ASF/common/boards/user_board/init.o
 .debug_info    0x00000000       0x5a src/ASF/common/boards/user_board/init.o
 .debug_abbrev  0x00000000       0x29 src/ASF/common/boards/user_board/init.o
 .debug_aranges
                0x00000000       0x18 src/ASF/common/boards/user_board/init.o
 .debug_macro   0x00000000      0x147 src/ASF/common/boards/user_board/init.o
 .debug_macro   0x00000000      0xa48 src/ASF/common/boards/user_board/init.o
 .debug_macro   0x00000000       0x10 src/ASF/common/boards/user_board/init.o
 .debug_macro   0x00000000      0x1ad src/ASF/common/boards/user_board/init.o
 .debug_macro   0x00000000      0x293 src/ASF/common/boards/user_board/init.o
 .debug_macro   0x00000000       0x9e src/ASF/common/boards/user_board/init.o
 .debug_macro   0x00000000     0x3500 src/ASF/common/boards/user_board/init.o
 .debug_macro   0x00000000      0x219 src/ASF/common/boards/user_board/init.o
 .debug_macro   0x00000000       0xcb src/ASF/common/boards/user_board/init.o
 .debug_macro   0x00000000       0x34 src/ASF/common/boards/user_board/init.o
 .debug_macro   0x00000000       0x18 src/ASF/common/boards/user_board/init.o
 .debug_macro   0x00000000       0x6c src/ASF/common/boards/user_board/init.o
 .debug_macro   0x00000000       0x22 src/ASF/common/boards/user_board/init.o
 .debug_macro   0x00000000      0x166 src/ASF/common/boards/user_board/init.o
 .debug_macro   0x00000000       0x1c src/ASF/common/boards/user_board/init.o
 .debug_macro   0x00000000       0x35 src/ASF/common/boards/user_board/init.o
 .debug_macro   0x00000000       0x66 src/ASF/common/boards/user_board/init.o
 .debug_macro   0x00000000      0x4d1 src/ASF/common/boards/user_board/init.o
 .debug_macro   0x00000000       0x44 src/ASF/common/boards/user_board/init.o
 .debug_macro   0x00000000       0x69 src/ASF/common/boards/user_board/init.o
 .debug_macro   0x00000000       0x32 src/ASF/common/boards/user_board/init.o
 .debug_macro   0x00000000       0x10 src/ASF/common/boards/user_board/init.o
 .debug_macro   0x00000000      0x175 src/ASF/common/boards/user_board/init.o
 .debug_macro   0x00000000       0x40 src/ASF/common/boards/user_board/init.o
 .debug_macro   0x00000000      0x100 src/ASF/common/boards/user_board/init.o
 .debug_macro   0x00000000      0x242 src/ASF/common/boards/user_board/init.o
 .debug_macro   0x00000000       0x10 src/ASF/common/boards/user_board/init.o
 .debug_macro   0x00000000      0x15a src/ASF/common/boards/user_board/init.o
 .debug_line    0x00000000      0x352 src/ASF/common/boards/user_board/init.o
 .debug_str     0x00000000    0x13cd6 src/ASF/common/boards/user_board/init.o
 .comment       0x00000000       0x31 src/ASF/common/boards/user_board/init.o
 .group         0x00000000        0x8 src/HW_Interface.o
 .group         0x00000000        0x8 src/HW_Interface.o
 .group         0x00000000        0x8 src/HW_Interface.o
 .group         0x00000000        0x8 src/HW_Interface.o
 .group         0x00000000        0x8 src/HW_Interface.o
 .group         0x00000000        0x8 src/HW_Interface.o
 .group         0x00000000        0x8 src/HW_Interface.o
 .group         0x00000000        0x8 src/HW_Interface.o
 .group         0x00000000        0x8 src/HW_Interface.o
 .group         0x00000000        0x8 src/HW_Interface.o
 .group         0x00000000        0x8 src/HW_Interface.o
 .group         0x00000000        0x8 src/HW_Interface.o
 .group         0x00000000        0x8 src/HW_Interface.o
 .group         0x00000000        0x8 src/HW_Interface.o
 .group         0x00000000        0x8 src/HW_Interface.o
 .group         0x00000000        0x8 src/HW_Interface.o
 .group         0x00000000        0x8 src/HW_Interface.o
 .group         0x00000000        0x8 src/HW_Interface.o
 .group         0x00000000        0x8 src/HW_Interface.o
 .group         0x00000000        0x8 src/HW_Interface.o
 .group         0x00000000        0x8 src/HW_Interface.o
 .group         0x00000000        0x8 src/HW_Interface.o
 .group         0x00000000        0x8 src/HW_Interface.o
 .group         0x00000000        0x8 src/HW_Interface.o
 .group         0x00000000        0x8 src/HW_Interface.o
 .group         0x00000000        0x8 src/HW_Interface.o
 .group         0x00000000        0x8 src/HW_Interface.o
 .text          0x00000000        0x0 src/HW_Interface.o
 .data          0x00000000        0x0 src/HW_Interface.o
 .bss           0x00000000        0x0 src/HW_Interface.o
 .debug_macro   0x00000000      0xa48 src/HW_Interface.o
 .debug_macro   0x00000000       0x10 src/HW_Interface.o
 .debug_macro   0x00000000       0x10 src/HW_Interface.o
 .debug_macro   0x00000000      0x1ad src/HW_Interface.o
 .debug_macro   0x00000000      0x293 src/HW_Interface.o
 .debug_macro   0x00000000       0x9e src/HW_Interface.o
 .debug_macro   0x00000000     0x3500 src/HW_Interface.o
 .debug_macro   0x00000000      0x219 src/HW_Interface.o
 .debug_macro   0x00000000       0xcb src/HW_Interface.o
 .debug_macro   0x00000000       0x34 src/HW_Interface.o
 .debug_macro   0x00000000       0x18 src/HW_Interface.o
 .debug_macro   0x00000000       0x6c src/HW_Interface.o
 .debug_macro   0x00000000       0x22 src/HW_Interface.o
 .debug_macro   0x00000000      0x166 src/HW_Interface.o
 .debug_macro   0x00000000       0x1c src/HW_Interface.o
 .debug_macro   0x00000000       0x35 src/HW_Interface.o
 .debug_macro   0x00000000       0x66 src/HW_Interface.o
 .debug_macro   0x00000000      0x4d1 src/HW_Interface.o
 .debug_macro   0x00000000       0x44 src/HW_Interface.o
 .debug_macro   0x00000000       0x69 src/HW_Interface.o
 .debug_macro   0x00000000       0x32 src/HW_Interface.o
 .debug_macro   0x00000000       0x10 src/HW_Interface.o
 .debug_macro   0x00000000      0x175 src/HW_Interface.o
 .debug_macro   0x00000000       0x40 src/HW_Interface.o
 .debug_macro   0x00000000      0x100 src/HW_Interface.o
 .debug_macro   0x00000000      0x242 src/HW_Interface.o
 .debug_macro   0x00000000      0x15a src/HW_Interface.o
 .group         0x00000000        0x8 src/main.o
 .group         0x00000000        0x8 src/main.o
 .group         0x00000000        0x8 src/main.o
 .group         0x00000000        0x8 src/main.o
 .group         0x00000000        0x8 src/main.o
 .group         0x00000000        0x8 src/main.o
 .group         0x00000000        0x8 src/main.o
 .group         0x00000000        0x8 src/main.o
 .group         0x00000000        0x8 src/main.o
 .group         0x00000000        0x8 src/main.o
 .group         0x00000000        0x8 src/main.o
 .group         0x00000000        0x8 src/main.o
 .group         0x00000000        0x8 src/main.o
 .group         0x00000000        0x8 src/main.o
 .group         0x00000000        0x8 src/main.o
 .group         0x00000000        0x8 src/main.o
 .group         0x00000000        0x8 src/main.o
 .group         0x00000000        0x8 src/main.o
 .group         0x00000000        0x8 src/main.o
 .group         0x00000000        0x8 src/main.o
 .group         0x00000000        0x8 src/main.o
 .group         0x00000000        0x8 src/main.o
 .group         0x00000000        0x8 src/main.o
 .group         0x00000000        0x8 src/main.o
 .group         0x00000000        0x8 src/main.o
 .group         0x00000000        0x8 src/main.o
 .group         0x00000000        0x8 src/main.o
 .group         0x00000000        0x8 src/main.o
 .group         0x00000000        0x8 src/main.o
 .group         0x00000000        0x8 src/main.o
 .text          0x00000000        0x0 src/main.o
 .data          0x00000000        0x0 src/main.o
 .bss           0x00000000        0x0 src/main.o
 .text.setup    0x00000000       0x32 src/main.o
 .debug_macro   0x00000000      0xa48 src/main.o
 .debug_macro   0x00000000       0x10 src/main.o
 .debug_macro   0x00000000       0x10 src/main.o
 .debug_macro   0x00000000      0x1ad src/main.o
 .debug_macro   0x00000000      0x293 src/main.o
 .debug_macro   0x00000000       0x9e src/main.o
 .debug_macro   0x00000000     0x3500 src/main.o
 .debug_macro   0x00000000      0x219 src/main.o
 .debug_macro   0x00000000       0xcb src/main.o
 .debug_macro   0x00000000       0x34 src/main.o
 .debug_macro   0x00000000       0x18 src/main.o
 .debug_macro   0x00000000       0x6c src/main.o
 .debug_macro   0x00000000       0x22 src/main.o
 .debug_macro   0x00000000      0x166 src/main.o
 .debug_macro   0x00000000       0x1c src/main.o
 .debug_macro   0x00000000       0x35 src/main.o
 .debug_macro   0x00000000       0x66 src/main.o
 .debug_macro   0x00000000      0x4d1 src/main.o
 .debug_macro   0x00000000       0x44 src/main.o
 .debug_macro   0x00000000       0x69 src/main.o
 .debug_macro   0x00000000       0x32 src/main.o
 .debug_macro   0x00000000       0x10 src/main.o
 .debug_macro   0x00000000      0x175 src/main.o
 .debug_macro   0x00000000       0x40 src/main.o
 .debug_macro   0x00000000      0x100 src/main.o
 .debug_macro   0x00000000      0x242 src/main.o
 .debug_macro   0x00000000      0x15a src/main.o
 .debug_macro   0x00000000       0x10 src/main.o
 .debug_macro   0x00000000      0x167 src/main.o
 .debug_macro   0x00000000       0x1c src/main.o
 .text          0x00000000        0x0 c:/program files (x86)/atmel/atmel toolchain/avr8 gcc/native/3.4.1061/avr8-gnu-toolchain/bin/../lib/gcc/avr/4.8.1/avr51\libgcc.a(_exit.o)
 .data          0x00000000        0x0 c:/program files (x86)/atmel/atmel toolchain/avr8 gcc/native/3.4.1061/avr8-gnu-toolchain/bin/../lib/gcc/avr/4.8.1/avr51\libgcc.a(_exit.o)
 .bss           0x00000000        0x0 c:/program files (x86)/atmel/atmel toolchain/avr8 gcc/native/3.4.1061/avr8-gnu-toolchain/bin/../lib/gcc/avr/4.8.1/avr51\libgcc.a(_exit.o)
 .text.libgcc.mul
                0x00000000        0x0 c:/program files (x86)/atmel/atmel toolchain/avr8 gcc/native/3.4.1061/avr8-gnu-toolchain/bin/../lib/gcc/avr/4.8.1/avr51\libgcc.a(_exit.o)
 .text.libgcc.div
                0x00000000        0x0 c:/program files (x86)/atmel/atmel toolchain/avr8 gcc/native/3.4.1061/avr8-gnu-toolchain/bin/../lib/gcc/avr/4.8.1/avr51\libgcc.a(_exit.o)
 .text.libgcc   0x00000000        0x0 c:/program files (x86)/atmel/atmel toolchain/avr8 gcc/native/3.4.1061/avr8-gnu-toolchain/bin/../lib/gcc/avr/4.8.1/avr51\libgcc.a(_exit.o)
 .text.libgcc.prologue
                0x00000000        0x0 c:/program files (x86)/atmel/atmel toolchain/avr8 gcc/native/3.4.1061/avr8-gnu-toolchain/bin/../lib/gcc/avr/4.8.1/avr51\libgcc.a(_exit.o)
 .text.libgcc.builtins
                0x00000000        0x0 c:/program files (x86)/atmel/atmel toolchain/avr8 gcc/native/3.4.1061/avr8-gnu-toolchain/bin/../lib/gcc/avr/4.8.1/avr51\libgcc.a(_exit.o)
 .text.libgcc.fmul
                0x00000000        0x0 c:/program files (x86)/atmel/atmel toolchain/avr8 gcc/native/3.4.1061/avr8-gnu-toolchain/bin/../lib/gcc/avr/4.8.1/avr51\libgcc.a(_exit.o)
 .text.libgcc.fixed
                0x00000000        0x0 c:/program files (x86)/atmel/atmel toolchain/avr8 gcc/native/3.4.1061/avr8-gnu-toolchain/bin/../lib/gcc/avr/4.8.1/avr51\libgcc.a(_exit.o)
 .text          0x00000000        0x0 c:/program files (x86)/atmel/atmel toolchain/avr8 gcc/native/3.4.1061/avr8-gnu-toolchain/bin/../lib/gcc/avr/4.8.1/avr51\libgcc.a(_copy_data.o)
 .data          0x00000000        0x0 c:/program files (x86)/atmel/atmel toolchain/avr8 gcc/native/3.4.1061/avr8-gnu-toolchain/bin/../lib/gcc/avr/4.8.1/avr51\libgcc.a(_copy_data.o)
 .bss           0x00000000        0x0 c:/program files (x86)/atmel/atmel toolchain/avr8 gcc/native/3.4.1061/avr8-gnu-toolchain/bin/../lib/gcc/avr/4.8.1/avr51\libgcc.a(_copy_data.o)
 .text.libgcc.mul
                0x00000000        0x0 c:/program files (x86)/atmel/atmel toolchain/avr8 gcc/native/3.4.1061/avr8-gnu-toolchain/bin/../lib/gcc/avr/4.8.1/avr51\libgcc.a(_copy_data.o)
 .text.libgcc.div
                0x00000000        0x0 c:/program files (x86)/atmel/atmel toolchain/avr8 gcc/native/3.4.1061/avr8-gnu-toolchain/bin/../lib/gcc/avr/4.8.1/avr51\libgcc.a(_copy_data.o)
 .text.libgcc   0x00000000        0x0 c:/program files (x86)/atmel/atmel toolchain/avr8 gcc/native/3.4.1061/avr8-gnu-toolchain/bin/../lib/gcc/avr/4.8.1/avr51\libgcc.a(_copy_data.o)
 .text.libgcc.prologue
                0x00000000        0x0 c:/program files (x86)/atmel/atmel toolchain/avr8 gcc/native/3.4.1061/avr8-gnu-toolchain/bin/../lib/gcc/avr/4.8.1/avr51\libgcc.a(_copy_data.o)
 .text.libgcc.builtins
                0x00000000        0x0 c:/program files (x86)/atmel/atmel toolchain/avr8 gcc/native/3.4.1061/avr8-gnu-toolchain/bin/../lib/gcc/avr/4.8.1/avr51\libgcc.a(_copy_data.o)
 .text.libgcc.fmul
                0x00000000        0x0 c:/program files (x86)/atmel/atmel toolchain/avr8 gcc/native/3.4.1061/avr8-gnu-toolchain/bin/../lib/gcc/avr/4.8.1/avr51\libgcc.a(_copy_data.o)
 .text.libgcc.fixed
                0x00000000        0x0 c:/program files (x86)/atmel/atmel toolchain/avr8 gcc/native/3.4.1061/avr8-gnu-toolchain/bin/../lib/gcc/avr/4.8.1/avr51\libgcc.a(_copy_data.o)
 .text          0x00000000        0x0 c:/program files (x86)/atmel/atmel toolchain/avr8 gcc/native/3.4.1061/avr8-gnu-toolchain/bin/../lib/gcc/avr/4.8.1/avr51\libgcc.a(_clear_bss.o)
 .data          0x00000000        0x0 c:/program files (x86)/atmel/atmel toolchain/avr8 gcc/native/3.4.1061/avr8-gnu-toolchain/bin/../lib/gcc/avr/4.8.1/avr51\libgcc.a(_clear_bss.o)
 .bss           0x00000000        0x0 c:/program files (x86)/atmel/atmel toolchain/avr8 gcc/native/3.4.1061/avr8-gnu-toolchain/bin/../lib/gcc/avr/4.8.1/avr51\libgcc.a(_clear_bss.o)
 .text.libgcc.mul
                0x00000000        0x0 c:/program files (x86)/atmel/atmel toolchain/avr8 gcc/native/3.4.1061/avr8-gnu-toolchain/bin/../lib/gcc/avr/4.8.1/avr51\libgcc.a(_clear_bss.o)
 .text.libgcc.div
                0x00000000        0x0 c:/program files (x86)/atmel/atmel toolchain/avr8 gcc/native/3.4.1061/avr8-gnu-toolchain/bin/../lib/gcc/avr/4.8.1/avr51\libgcc.a(_clear_bss.o)
 .text.libgcc   0x00000000        0x0 c:/program files (x86)/atmel/atmel toolchain/avr8 gcc/native/3.4.1061/avr8-gnu-toolchain/bin/../lib/gcc/avr/4.8.1/avr51\libgcc.a(_clear_bss.o)
 .text.libgcc.prologue
                0x00000000        0x0 c:/program files (x86)/atmel/atmel toolchain/avr8 gcc/native/3.4.1061/avr8-gnu-toolchain/bin/../lib/gcc/avr/4.8.1/avr51\libgcc.a(_clear_bss.o)
 .text.libgcc.builtins
                0x00000000        0x0 c:/program files (x86)/atmel/atmel toolchain/avr8 gcc/native/3.4.1061/avr8-gnu-toolchain/bin/../lib/gcc/avr/4.8.1/avr51\libgcc.a(_clear_bss.o)
 .text.libgcc.fmul
                0x00000000        0x0 c:/program files (x86)/atmel/atmel toolchain/avr8 gcc/native/3.4.1061/avr8-gnu-toolchain/bin/../lib/gcc/avr/4.8.1/avr51\libgcc.a(_clear_bss.o)
 .text.libgcc.fixed
                0x00000000        0x0 c:/program files (x86)/atmel/atmel toolchain/avr8 gcc/native/3.4.1061/avr8-gnu-toolchain/bin/../lib/gcc/avr/4.8.1/avr51\libgcc.a(_clear_bss.o)
 .text          0x00000000        0x0 c:/program files (x86)/atmel/atmel toolchain/avr8 gcc/native/3.4.1061/avr8-gnu-toolchain/bin/../lib/gcc/avr/4.8.1/avr51\libgcc.a(_umulhisi3.o)
 .data          0x00000000        0x0 c:/program files (x86)/atmel/atmel toolchain/avr8 gcc/native/3.4.1061/avr8-gnu-toolchain/bin/../lib/gcc/avr/4.8.1/avr51\libgcc.a(_umulhisi3.o)
 .bss           0x00000000        0x0 c:/program files (x86)/atmel/atmel toolchain/avr8 gcc/native/3.4.1061/avr8-gnu-toolchain/bin/../lib/gcc/avr/4.8.1/avr51\libgcc.a(_umulhisi3.o)
 .text.libgcc.div
                0x00000000        0x0 c:/program files (x86)/atmel/atmel toolchain/avr8 gcc/native/3.4.1061/avr8-gnu-toolchain/bin/../lib/gcc/avr/4.8.1/avr51\libgcc.a(_umulhisi3.o)
 .text.libgcc   0x00000000        0x0 c:/program files (x86)/atmel/atmel toolchain/avr8 gcc/native/3.4.1061/avr8-gnu-toolchain/bin/../lib/gcc/avr/4.8.1/avr51\libgcc.a(_umulhisi3.o)
 .text.libgcc.prologue
                0x00000000        0x0 c:/program files (x86)/atmel/atmel toolchain/avr8 gcc/native/3.4.1061/avr8-gnu-toolchain/bin/../lib/gcc/avr/4.8.1/avr51\libgcc.a(_umulhisi3.o)
 .text.libgcc.builtins
                0x00000000        0x0 c:/program files (x86)/atmel/atmel toolchain/avr8 gcc/native/3.4.1061/avr8-gnu-toolchain/bin/../lib/gcc/avr/4.8.1/avr51\libgcc.a(_umulhisi3.o)
 .text.libgcc.fmul
                0x00000000        0x0 c:/program files (x86)/atmel/atmel toolchain/avr8 gcc/native/3.4.1061/avr8-gnu-toolchain/bin/../lib/gcc/avr/4.8.1/avr51\libgcc.a(_umulhisi3.o)
 .text.libgcc.fixed
                0x00000000        0x0 c:/program files (x86)/atmel/atmel toolchain/avr8 gcc/native/3.4.1061/avr8-gnu-toolchain/bin/../lib/gcc/avr/4.8.1/avr51\libgcc.a(_umulhisi3.o)
 .text          0x00000000        0x0 c:/program files (x86)/atmel/atmel toolchain/avr8 gcc/native/3.4.1061/avr8-gnu-toolchain/bin/../lib/gcc/avr/4.8.1/../../../../avr/lib/avr51\libc.a(memcpy.o)
 .data          0x00000000        0x0 c:/program files (x86)/atmel/atmel toolchain/avr8 gcc/native/3.4.1061/avr8-gnu-toolchain/bin/../lib/gcc/avr/4.8.1/../../../../avr/lib/avr51\libc.a(memcpy.o)
 .bss           0x00000000        0x0 c:/program files (x86)/atmel/atmel toolchain/avr8 gcc/native/3.4.1061/avr8-gnu-toolchain/bin/../lib/gcc/avr/4.8.1/../../../../avr/lib/avr51\libc.a(memcpy.o)

Memory Configuration

Name             Origin             Length             Attributes
text             0x00000000         0x00020000         xr
data             0x00800100         0x0000ff00         rw !x
eeprom           0x00810000         0x00010000         rw !x
fuse             0x00820000         0x00000400         rw !x
lock             0x00830000         0x00000400         rw !x
signature        0x00840000         0x00000400         rw !x
user_signatures  0x00850000         0x00000400         rw !x
*default*        0x00000000         0xffffffff

Linker script and memory map

Address of section .data set to 0x800200
LOAD c:/program files (x86)/atmel/atmel toolchain/avr8 gcc/native/3.4.1061/avr8-gnu-toolchain/bin/../lib/gcc/avr/4.8.1/../../../../avr/lib/avr51/crtm1284rfr2.o
LOAD src/RF.o
LOAD src/UART.o
LOAD src/ASF/common/boards/user_board/init.o
LOAD src/HW_Interface.o
LOAD src/main.o
START GROUP
LOAD c:/program files (x86)/atmel/atmel toolchain/avr8 gcc/native/3.4.1061/avr8-gnu-toolchain/bin/../lib/gcc/avr/4.8.1/../../../../avr/lib/avr51\libm.a
END GROUP
START GROUP
LOAD c:/program files (x86)/atmel/atmel toolchain/avr8 gcc/native/3.4.1061/avr8-gnu-toolchain/bin/../lib/gcc/avr/4.8.1/avr51\libgcc.a
LOAD c:/program files (x86)/atmel/atmel toolchain/avr8 gcc/native/3.4.1061/avr8-gnu-toolchain/bin/../lib/gcc/avr/4.8.1/../../../../avr/lib/avr51\libm.a
LOAD c:/program files (x86)/atmel/atmel toolchain/avr8 gcc/native/3.4.1061/avr8-gnu-toolchain/bin/../lib/gcc/avr/4.8.1/../../../../avr/lib/avr51\libc.a
END GROUP

.hash
 *(.hash)

.dynsym
 *(.dynsym)

.dynstr
 *(.dynstr)

.gnu.version
 *(.gnu.version)

.gnu.version_d
 *(.gnu.version_d)

.gnu.version_r
 *(.gnu.version_r)

.rel.init
 *(.rel.init)

.rela.init
 *(.rela.init)

.rel.text
 *(.rel.text)
 *(.rel.text.*)
 *(.rel.gnu.linkonce.t*)

.rela.text
 *(.rela.text)
 *(.rela.text.*)
 *(.rela.gnu.linkonce.t*)

.rel.fini
 *(.rel.fini)

.rela.fini
 *(.rela.fini)

.rel.rodata
 *(.rel.rodata)
 *(.rel.rodata.*)
 *(.rel.gnu.linkonce.r*)

.rela.rodata
 *(.rela.rodata)
 *(.rela.rodata.*)
 *(.rela.gnu.linkonce.r*)

.rel.data
 *(.rel.data)
 *(.rel.data.*)
 *(.rel.gnu.linkonce.d*)

.rela.data
 *(.rela.data)
 *(.rela.data.*)
 *(.rela.gnu.linkonce.d*)

.rel.ctors
 *(.rel.ctors)

.rela.ctors
 *(.rela.ctors)

.rel.dtors
 *(.rel.dtors)

.rela.dtors
 *(.rela.dtors)

.rel.got
 *(.rel.got)

.rela.got
 *(.rela.got)

.rel.bss
 *(.rel.bss)

.rela.bss
 *(.rela.bss)

.rel.plt
 *(.rel.plt)

.rela.plt
 *(.rela.plt)

.text           0x00000000      0x8de
 *(.vectors)
 .vectors       0x00000000      0x134 c:/program files (x86)/atmel/atmel toolchain/avr8 gcc/native/3.4.1061/avr8-gnu-toolchain/bin/../lib/gcc/avr/4.8.1/../../../../avr/lib/avr51/crtm1284rfr2.o
                0x00000000                __vector_default
                0x00000000                __vectors
 *(.vectors)
 *(.progmem.gcc*)
                0x00000134                . = ALIGN (0x2)
                0x00000134                __trampolines_start = .
 *(.trampolines)
 .trampolines   0x00000134        0x0 linker stubs
 *(.trampolines*)
                0x00000134                __trampolines_end = .
 *(.progmem*)
                0x00000134                . = ALIGN (0x2)
 *(.jumptables)
 *(.jumptables*)
 *(.lowtext)
 *(.lowtext*)
                0x00000134                __ctors_start = .
 *(.ctors)
                0x00000134                __ctors_end = .
                0x00000134                __dtors_start = .
 *(.dtors)
                0x00000134                __dtors_end = .
 SORT(*)(.ctors)
 SORT(*)(.dtors)
 *(.init0)
 .init0         0x00000134        0x0 c:/program files (x86)/atmel/atmel toolchain/avr8 gcc/native/3.4.1061/avr8-gnu-toolchain/bin/../lib/gcc/avr/4.8.1/../../../../avr/lib/avr51/crtm1284rfr2.o
                0x00000134                __init
 *(.init0)
 *(.init1)
 *(.init1)
 *(.init2)
 .init2         0x00000134        0xc c:/program files (x86)/atmel/atmel toolchain/avr8 gcc/native/3.4.1061/avr8-gnu-toolchain/bin/../lib/gcc/avr/4.8.1/../../../../avr/lib/avr51/crtm1284rfr2.o
 *(.init2)
 *(.init3)
 *(.init3)
 *(.init4)
 .init4         0x00000140       0x1a c:/program files (x86)/atmel/atmel toolchain/avr8 gcc/native/3.4.1061/avr8-gnu-toolchain/bin/../lib/gcc/avr/4.8.1/avr51\libgcc.a(_copy_data.o)
                0x00000140                __do_copy_data
 .init4         0x0000015a       0x10 c:/program files (x86)/atmel/atmel toolchain/avr8 gcc/native/3.4.1061/avr8-gnu-toolchain/bin/../lib/gcc/avr/4.8.1/avr51\libgcc.a(_clear_bss.o)
                0x0000015a                __do_clear_bss
 *(.init4)
 *(.init5)
 *(.init5)
 *(.init6)
 *(.init6)
 *(.init7)
 *(.init7)
 *(.init8)
 *(.init8)
 *(.init9)
 .init9         0x0000016a        0x4 c:/program files (x86)/atmel/atmel toolchain/avr8 gcc/native/3.4.1061/avr8-gnu-toolchain/bin/../lib/gcc/avr/4.8.1/../../../../avr/lib/avr51/crtm1284rfr2.o
 *(.init9)
 *(.text)
 .text          0x0000016e        0x2 c:/program files (x86)/atmel/atmel toolchain/avr8 gcc/native/3.4.1061/avr8-gnu-toolchain/bin/../lib/gcc/avr/4.8.1/../../../../avr/lib/avr51/crtm1284rfr2.o
                0x0000016e                __vector_38
                0x0000016e                __vector_22
                0x0000016e                __vector_67
                0x0000016e                __vector_1
                0x0000016e                __vector_32
                0x0000016e                __vector_75
                0x0000016e                __vector_71
                0x0000016e                __vector_34
                0x0000016e                __vector_62
                0x0000016e                __vector_24
                0x0000016e                __vector_12
                0x0000016e                __vector_55
                0x0000016e                __vector_69
                0x0000016e                __vector_46
                0x0000016e                __bad_interrupt
                0x0000016e                __vector_72
                0x0000016e                __vector_6
                0x0000016e                __vector_31
                0x0000016e                __vector_35
                0x0000016e                __vector_74
                0x0000016e                __vector_39
                0x0000016e                __vector_3
                0x0000016e                __vector_23
                0x0000016e                __vector_68
                0x0000016e                __vector_30
                0x0000016e                __vector_73
                0x0000016e                __vector_45
                0x0000016e                __vector_25
                0x0000016e                __vector_61
                0x0000016e                __vector_11
                0x0000016e                __vector_54
                0x0000016e                __vector_13
                0x0000016e                __vector_19
                0x0000016e                __vector_56
                0x0000016e                __vector_7
                0x0000016e                __vector_49
                0x0000016e                __vector_41
                0x0000016e                __vector_64
                0x0000016e                __vector_43
                0x0000016e                __vector_27
                0x0000016e                __vector_5
                0x0000016e                __vector_33
                0x0000016e                __vector_76
                0x0000016e                __vector_47
                0x0000016e                __vector_52
                0x0000016e                __vector_37
                0x0000016e                __vector_4
                0x0000016e                __vector_44
                0x0000016e                __vector_51
                0x0000016e                __vector_9
                0x0000016e                __vector_2
                0x0000016e                __vector_21
                0x0000016e                __vector_15
                0x0000016e                __vector_66
                0x0000016e                __vector_36
                0x0000016e                __vector_58
                0x0000016e                __vector_70
                0x0000016e                __vector_29
                0x0000016e                __vector_40
                0x0000016e                __vector_8
                0x0000016e                __vector_26
                0x0000016e                __vector_48
                0x0000016e                __vector_14
                0x0000016e                __vector_57
                0x0000016e                __vector_53
                0x0000016e                __vector_10
                0x0000016e                __vector_50
                0x0000016e                __vector_16
                0x0000016e                __vector_18
                0x0000016e                __vector_20
                0x0000016e                __vector_42
                0x0000016e                __vector_65
                0x00000170                . = ALIGN (0x2)
 *(.text.*)
 .text.rfBegin  0x00000170       0x9c src/RF.o
                0x00000170                rfBegin
 .text.rfWrite  0x0000020c       0x3e src/RF.o
                0x0000020c                rfWrite
 .text.__vector_63
                0x0000024a       0x14 src/RF.o
                0x0000024a                __vector_63
 .text.__vector_59
                0x0000025e       0x20 src/RF.o
                0x0000025e                __vector_59
 .text.__vector_60
                0x0000027e      0x194 src/RF.o
                0x0000027e                __vector_60
 .text.USART_Send
                0x00000412       0x14 src/UART.o
                0x00000412                USART_Send
 .text.USART_Send_String
                0x00000426       0x1c src/UART.o
                0x00000426                USART_Send_String
 .text.USART_Init
                0x00000442       0x1e src/UART.o
                0x00000442                USART_Init
 .text.board_init
                0x00000460       0x3c src/HW_Interface.o
                0x00000460                board_init
 .text.led_control
                0x0000049c       0x6e src/HW_Interface.o
                0x0000049c                led_control
 .text.BSR_write
                0x0000050a       0x4a src/HW_Interface.o
                0x0000050a                BSR_write
 .text.convert_legs_behavior_to_bsr
                0x00000554      0x18a src/HW_Interface.o
                0x00000554                convert_legs_behavior_to_bsr
 .text.main     0x000006de       0x56 src/main.o
                0x000006de                main
 .text.__vector_17
                0x00000734      0x162 src/main.o
                0x00000734                __vector_17
 .text.__vector_28
                0x00000896       0x14 src/main.o
                0x00000896                __vector_28
 .text.libgcc.mul
                0x000008aa       0x1e c:/program files (x86)/atmel/atmel toolchain/avr8 gcc/native/3.4.1061/avr8-gnu-toolchain/bin/../lib/gcc/avr/4.8.1/avr51\libgcc.a(_umulhisi3.o)
                0x000008aa                __umulhisi3
 .text.avr-libc
                0x000008c8       0x12 c:/program files (x86)/atmel/atmel toolchain/avr8 gcc/native/3.4.1061/avr8-gnu-toolchain/bin/../lib/gcc/avr/4.8.1/../../../../avr/lib/avr51\libc.a(memcpy.o)
                0x000008c8                memcpy
                0x000008da                . = ALIGN (0x2)
 *(.fini9)
 .fini9         0x000008da        0x0 c:/program files (x86)/atmel/atmel toolchain/avr8 gcc/native/3.4.1061/avr8-gnu-toolchain/bin/../lib/gcc/avr/4.8.1/avr51\libgcc.a(_exit.o)
                0x000008da                _exit
                0x000008da                exit
 *(.fini9)
 *(.fini8)
 *(.fini8)
 *(.fini7)
 *(.fini7)
 *(.fini6)
 *(.fini6)
 *(.fini5)
 *(.fini5)
 *(.fini4)
 *(.fini4)
 *(.fini3)
 *(.fini3)
 *(.fini2)
 *(.fini2)
 *(.fini1)
 *(.fini1)
 *(.fini0)
 .fini0         0x000008da        0x4 c:/program files (x86)/atmel/atmel toolchain/avr8 gcc/native/3.4.1061/avr8-gnu-toolchain/bin/../lib/gcc/avr/4.8.1/avr51\libgcc.a(_exit.o)
 *(.fini0)
                0x000008de                _etext = .

.data           0x00800200       0xb0 load address 0x000008de
                0x00800200                PROVIDE (__data_start, .)
 *(.data)
 *(.data*)
 .data.movement_state.1986
                0x00800200        0x6 src/main.o
 *(.rodata)
 *(.rodata*)
 .rodata.str1.1
                0x00800206       0x34 src/RF.o
 .rodata.str1.1
                0x0080023a       0x10 src/UART.o
 .rodata.str1.1
                0x0080024a       0x66 src/main.o
 *(.gnu.linkonce.d*)
                0x008002b0                . = ALIGN (0x2)
                0x008002b0                _edata = .
                0x008002b0                PROVIDE (__data_end, .)

.bss            0x008002b0       0x86
                0x008002b0                PROVIDE (__bss_start, .)
 *(.bss)
 *(.bss*)
 .bss.tick.1985
                0x008002b0        0x2 src/main.o
 *(COMMON)
 COMMON         0x008002b2       0x84 src/RF.o
                0x008002b2                radioRXBuffer
                0x00800335                rssiRaw
                0x00800336                PROVIDE (__bss_end, .)
                0x000008de                __data_load_start = LOADADDR (.data)
                0x0000098e                __data_load_end = (__data_load_start + SIZEOF (.data))

.noinit         0x00800336        0x0
                0x00800336                PROVIDE (__noinit_start, .)
 *(.noinit*)
                0x00800336                PROVIDE (__noinit_end, .)
                0x00800336                _end = .
                0x00800336                PROVIDE (__heap_start, .)

.eeprom         0x00810000        0x0
 *(.eeprom*)
                0x00810000                __eeprom_end = .

.fuse
 *(.fuse)
 *(.lfuse)
 *(.hfuse)
 *(.efuse)

.lock
 *(.lock*)

.signature
 *(.signature*)

.user_signatures
 *(.user_signatures*)

.stab
 *(.stab)

.stabstr
 *(.stabstr)

.stab.excl
 *(.stab.excl)

.stab.exclstr
 *(.stab.exclstr)

.stab.index
 *(.stab.index)

.stab.indexstr
 *(.stab.indexstr)

.comment        0x00000000       0x30
 *(.comment)
 .comment       0x00000000       0x30 src/RF.o
                                 0x31 (size before relaxing)
 .comment       0x00000000       0x31 src/UART.o
 .comment       0x00000000       0x31 src/HW_Interface.o
 .comment       0x00000000       0x31 src/main.o

.note.gnu.build-id
 *(.note.gnu.build-id)

.debug
 *(.debug)

.line
 *(.line)

.debug_srcinfo
 *(.debug_srcinfo)

.debug_sfnames
 *(.debug_sfnames)

.debug_aranges  0x00000000       0xf8
 *(.debug_aranges)
 .debug_aranges
                0x00000000       0x58 src/RF.o
 .debug_aranges
                0x00000058       0x30 src/UART.o
 .debug_aranges
                0x00000088       0x38 src/HW_Interface.o
 .debug_aranges
                0x000000c0       0x38 src/main.o

.debug_pubnames
 *(.debug_pubnames)

.debug_info     0x00000000      0xaae
 *(.debug_info .gnu.linkonce.wi.*)
 .debug_info    0x00000000      0x3e9 src/RF.o
 .debug_info    0x000003e9      0x10e src/UART.o
 .debug_info    0x000004f7      0x1c2 src/HW_Interface.o
 .debug_info    0x000006b9      0x3f5 src/main.o

.debug_abbrev   0x00000000      0x5f0
 *(.debug_abbrev)
 .debug_abbrev  0x00000000      0x25c src/RF.o
 .debug_abbrev  0x0000025c       0xc4 src/UART.o
 .debug_abbrev  0x00000320      0x10d src/HW_Interface.o
 .debug_abbrev  0x0000042d      0x1c3 src/main.o

.debug_line     0x00000000     0x144a
 *(.debug_line .debug_line.* .debug_line_end)
 .debug_line    0x00000000      0x4d6 src/RF.o
 .debug_line    0x000004d6      0x48b src/UART.o
 .debug_line    0x00000961      0x56a src/HW_Interface.o
 .debug_line    0x00000ecb      0x57f src/main.o

.debug_frame    0x00000000      0x2a8
 *(.debug_frame)
 .debug_frame   0x00000000      0x138 src/RF.o
 .debug_frame   0x00000138       0x50 src/UART.o
 .debug_frame   0x00000188       0x64 src/HW_Interface.o
 .debug_frame   0x000001ec       0xbc src/main.o

.debug_str      0x00000000    0x147c3
 *(.debug_str)
 .debug_str     0x00000000     0xc0e5 src/RF.o
                               0xc1ff (size before relaxing)
 .debug_str     0x0000c0e5     0x85a5 src/UART.o
                              0x140e4 (size before relaxing)
 .debug_str     0x0001468a       0xdb src/HW_Interface.o
                              0x13dbd (size before relaxing)
 .debug_str     0x00014765       0x5e src/main.o
                              0x14217 (size before relaxing)

.debug_loc      0x00000000      0x747
 *(.debug_loc)
 .debug_loc     0x00000000      0x2dc src/RF.o
 .debug_loc     0x000002dc       0xa0 src/UART.o
 .debug_loc     0x0000037c      0x1d7 src/HW_Interface.o
 .debug_loc     0x00000553      0x1f4 src/main.o

.debug_macinfo
 *(.debug_macinfo)

.debug_weaknames
 *(.debug_weaknames)

.debug_funcnames
 *(.debug_funcnames)

.debug_typenames
 *(.debug_typenames)

.debug_varnames
 *(.debug_varnames)

.debug_pubtypes
 *(.debug_pubtypes)

.debug_ranges   0x00000000       0xb8
 *(.debug_ranges)
 .debug_ranges  0x00000000       0x48 src/RF.o
 .debug_ranges  0x00000048       0x20 src/UART.o
 .debug_ranges  0x00000068       0x28 src/HW_Interface.o
 .debug_ranges  0x00000090       0x28 src/main.o

.debug_macro    0x00000000     0x60a5
 *(.debug_macro)
 .debug_macro   0x00000000      0x11e src/RF.o
 .debug_macro   0x0000011e      0xa48 src/RF.o
 .debug_macro   0x00000b66       0x1c src/RF.o
 .debug_macro   0x00000b82      0x10e src/RF.o
 .debug_macro   0x00000c90       0x66 src/RF.o
 .debug_macro   0x00000cf6       0x16 src/RF.o
 .debug_macro   0x00000d0c       0x20 src/RF.o
 .debug_macro   0x00000d2c      0x15a src/RF.o
 .debug_macro   0x00000e86       0x10 src/RF.o
 .debug_macro   0x00000e96      0x1ad src/RF.o
 .debug_macro   0x00001043      0x293 src/RF.o
 .debug_macro   0x000012d6      0x167 src/RF.o
 .debug_macro   0x0000143d       0x58 src/RF.o
 .debug_macro   0x00001495       0x10 src/RF.o
 .debug_macro   0x000014a5       0xeb src/RF.o
 .debug_macro   0x00001590       0xaa src/RF.o
 .debug_macro   0x0000163a     0x3500 src/RF.o
 .debug_macro   0x00004b3a      0x219 src/RF.o
 .debug_macro   0x00004d53       0xcb src/RF.o
 .debug_macro   0x00004e1e       0x34 src/RF.o
 .debug_macro   0x00004e52       0x18 src/RF.o
 .debug_macro   0x00004e6a       0x6c src/RF.o
 .debug_macro   0x00004ed6       0x69 src/RF.o
 .debug_macro   0x00004f3f       0x1c src/RF.o
 .debug_macro   0x00004f5b      0x180 src/UART.o
 .debug_macro   0x000050db       0x10 src/UART.o
 .debug_macro   0x000050eb       0x10 src/UART.o
 .debug_macro   0x000050fb       0x9e src/UART.o
 .debug_macro   0x00005199       0x22 src/UART.o
 .debug_macro   0x000051bb      0x166 src/UART.o
 .debug_macro   0x00005321       0x35 src/UART.o
 .debug_macro   0x00005356      0x4d1 src/UART.o
 .debug_macro   0x00005827       0x44 src/UART.o
 .debug_macro   0x0000586b       0x32 src/UART.o
 .debug_macro   0x0000589d       0x10 src/UART.o
 .debug_macro   0x000058ad      0x175 src/UART.o
 .debug_macro   0x00005a22       0x40 src/UART.o
 .debug_macro   0x00005a62      0x100 src/UART.o
 .debug_macro   0x00005b62      0x242 src/UART.o
 .debug_macro   0x00005da4      0x164 src/HW_Interface.o
 .debug_macro   0x00005f08      0x19d src/main.o
OUTPUT(ADC_HV.elf elf32-avr)
LOAD linker stubs
