Archive member included because of file (symbol)

c:/program files (x86)/atmel/atmel toolchain/avr8 gcc/native/3.4.1061/avr8-gnu-toolchain/bin/../lib/gcc/avr/4.8.1/avr51\libgcc.a(_exit.o)
                              c:/program files (x86)/atmel/atmel toolchain/avr8 gcc/native/3.4.1061/avr8-gnu-toolchain/bin/../lib/gcc/avr/4.8.1/../../../../avr/lib/avr51/crtm128rfa1.o (exit)
c:/program files (x86)/atmel/atmel toolchain/avr8 gcc/native/3.4.1061/avr8-gnu-toolchain/bin/../lib/gcc/avr/4.8.1/avr51\libgcc.a(_copy_data.o)
                              src/UART.o (__do_copy_data)
c:/program files (x86)/atmel/atmel toolchain/avr8 gcc/native/3.4.1061/avr8-gnu-toolchain/bin/../lib/gcc/avr/4.8.1/avr51\libgcc.a(_clear_bss.o)
                              src/RF.o (__do_clear_bss)
c:/program files (x86)/atmel/atmel toolchain/avr8 gcc/native/3.4.1061/avr8-gnu-toolchain/bin/../lib/gcc/avr/4.8.1/avr51\libgcc.a(_umulhisi3.o)
                              src/RF.o (__umulhisi3)
c:/program files (x86)/atmel/atmel toolchain/avr8 gcc/native/3.4.1061/avr8-gnu-toolchain/bin/../lib/gcc/avr/4.8.1/../../../../avr/lib/avr51\libc.a(memcpy.o)
                              src/RF.o (memcpy)

Allocating common symbols
Common symbol       size              file

radioRXBuffer       0x83              src/RF.o
rssiRaw             0x1               src/RF.o

Discarded input sections

 .data          0x00000000        0x0 c:/program files (x86)/atmel/atmel toolchain/avr8 gcc/native/3.4.1061/avr8-gnu-toolchain/bin/../lib/gcc/avr/4.8.1/../../../../avr/lib/avr51/crtm128rfa1.o
 .bss           0x00000000        0x0 c:/program files (x86)/atmel/atmel toolchain/avr8 gcc/native/3.4.1061/avr8-gnu-toolchain/bin/../lib/gcc/avr/4.8.1/../../../../avr/lib/avr51/crtm128rfa1.o
 .group         0x00000000        0x8 src/RF.o
 .group         0x00000000        0x8 src/RF.o
 .group         0x00000000        0x8 src/RF.o
 .group         0x00000000        0x8 src/RF.o
 .group         0x00000000        0x8 src/RF.o
 .group         0x00000000        0x8 src/RF.o
 .group         0x00000000        0x8 src/RF.o
 .group         0x00000000        0x8 src/RF.o
 .group         0x00000000        0x8 src/RF.o
 .group         0x00000000        0x8 src/RF.o
 .group         0x00000000        0x8 src/RF.o
 .group         0x00000000        0x8 src/RF.o
 .group         0x00000000        0x8 src/RF.o
 .group         0x00000000        0x8 src/RF.o
 .group         0x00000000        0x8 src/RF.o
 .group         0x00000000        0x8 src/RF.o
 .group         0x00000000        0x8 src/RF.o
 .group         0x00000000        0x8 src/RF.o
 .group         0x00000000        0x8 src/RF.o
 .group         0x00000000        0x8 src/RF.o
 .group         0x00000000        0x8 src/RF.o
 .group         0x00000000        0x8 src/RF.o
 .text          0x00000000        0x0 src/RF.o
 .data          0x00000000        0x0 src/RF.o
 .bss           0x00000000        0x0 src/RF.o
 .text.rfAvailable
                0x00000000       0x5c src/RF.o
 .text.rfRead   0x00000000       0x84 src/RF.o
 .group         0x00000000        0x8 src/UART.o
 .group         0x00000000        0x8 src/UART.o
 .group         0x00000000        0x8 src/UART.o
 .group         0x00000000        0x8 src/UART.o
 .group         0x00000000        0x8 src/UART.o
 .group         0x00000000        0x8 src/UART.o
 .group         0x00000000        0x8 src/UART.o
 .group         0x00000000        0x8 src/UART.o
 .group         0x00000000        0x8 src/UART.o
 .group         0x00000000        0x8 src/UART.o
 .group         0x00000000        0x8 src/UART.o
 .group         0x00000000        0x8 src/UART.o
 .group         0x00000000        0x8 src/UART.o
 .group         0x00000000        0x8 src/UART.o
 .group         0x00000000        0x8 src/UART.o
 .group         0x00000000        0x8 src/UART.o
 .group         0x00000000        0x8 src/UART.o
 .group         0x00000000        0x8 src/UART.o
 .group         0x00000000        0x8 src/UART.o
 .group         0x00000000        0x8 src/UART.o
 .group         0x00000000        0x8 src/UART.o
 .group         0x00000000        0x8 src/UART.o
 .group         0x00000000        0x8 src/UART.o
 .group         0x00000000        0x8 src/UART.o
 .group         0x00000000        0x8 src/UART.o
 .group         0x00000000        0x8 src/UART.o
 .group         0x00000000        0x8 src/UART.o
 .group         0x00000000        0x8 src/UART.o
 .group         0x00000000        0x8 src/UART.o
 .text          0x00000000        0x0 src/UART.o
 .data          0x00000000        0x0 src/UART.o
 .bss           0x00000000        0x0 src/UART.o
 .debug_macro   0x00000000      0xa48 src/UART.o
 .debug_macro   0x00000000      0x1ad src/UART.o
 .debug_macro   0x00000000      0x293 src/UART.o
 .debug_macro   0x00000000     0x3a5b src/UART.o
 .debug_macro   0x00000000       0x9a src/UART.o
 .debug_macro   0x00000000       0x81 src/UART.o
 .debug_macro   0x00000000       0x34 src/UART.o
 .debug_macro   0x00000000       0x18 src/UART.o
 .debug_macro   0x00000000       0x6c src/UART.o
 .debug_macro   0x00000000       0x1c src/UART.o
 .debug_macro   0x00000000       0x66 src/UART.o
 .debug_macro   0x00000000       0x69 src/UART.o
 .debug_macro   0x00000000       0x3a src/UART.o
 .debug_macro   0x00000000       0x10 src/UART.o
 .debug_macro   0x00000000      0x167 src/UART.o
 .group         0x00000000        0x8 src/ASF/common/boards/user_board/init.o
 .group         0x00000000        0x8 src/ASF/common/boards/user_board/init.o
 .group         0x00000000        0x8 src/ASF/common/boards/user_board/init.o
 .group         0x00000000        0x8 src/ASF/common/boards/user_board/init.o
 .group         0x00000000        0x8 src/ASF/common/boards/user_board/init.o
 .group         0x00000000        0x8 src/ASF/common/boards/user_board/init.o
 .group         0x00000000        0x8 src/ASF/common/boards/user_board/init.o
 .group         0x00000000        0x8 src/ASF/common/boards/user_board/init.o
 .group         0x00000000        0x8 src/ASF/common/boards/user_board/init.o
 .group         0x00000000        0x8 src/ASF/common/boards/user_board/init.o
 .group         0x00000000        0x8 src/ASF/common/boards/user_board/init.o
 .group         0x00000000        0x8 src/ASF/common/boards/user_board/init.o
 .group         0x00000000        0x8 src/ASF/common/boards/user_board/init.o
 .group         0x00000000        0x8 src/ASF/common/boards/user_board/init.o
 .group         0x00000000        0x8 src/ASF/common/boards/user_board/init.o
 .group         0x00000000        0x8 src/ASF/common/boards/user_board/init.o
 .group         0x00000000        0x8 src/ASF/common/boards/user_board/init.o
 .group         0x00000000        0x8 src/ASF/common/boards/user_board/init.o
 .group         0x00000000        0x8 src/ASF/common/boards/user_board/init.o
 .group         0x00000000        0x8 src/ASF/common/boards/user_board/init.o
 .group         0x00000000        0x8 src/ASF/common/boards/user_board/init.o
 .group         0x00000000        0x8 src/ASF/common/boards/user_board/init.o
 .group         0x00000000        0x8 src/ASF/common/boards/user_board/init.o
 .group         0x00000000        0x8 src/ASF/common/boards/user_board/init.o
 .group         0x00000000        0x8 src/ASF/common/boards/user_board/init.o
 .group         0x00000000        0x8 src/ASF/common/boards/user_board/init.o
 .text          0x00000000        0x0 src/ASF/common/boards/user_board/init.o
 .data          0x00000000        0x0 src/ASF/common/boards/user_board/init.o
 .bss           0x00000000        0x0 src/ASF/common/boards/user_board/init.o
 .debug_macro   0x00000000      0xa48 src/ASF/common/boards/user_board/init.o
 .debug_macro   0x00000000       0x10 src/ASF/common/boards/user_board/init.o
 .debug_macro   0x00000000       0x10 src/ASF/common/boards/user_board/init.o
 .debug_macro   0x00000000      0x1ad src/ASF/common/boards/user_board/init.o
 .debug_macro   0x00000000      0x293 src/ASF/common/boards/user_board/init.o
 .debug_macro   0x00000000       0x9e src/ASF/common/boards/user_board/init.o
 .debug_macro   0x00000000     0x3a5b src/ASF/common/boards/user_board/init.o
 .debug_macro   0x00000000       0x9a src/ASF/common/boards/user_board/init.o
 .debug_macro   0x00000000       0x81 src/ASF/common/boards/user_board/init.o
 .debug_macro   0x00000000       0x34 src/ASF/common/boards/user_board/init.o
 .debug_macro   0x00000000       0x18 src/ASF/common/boards/user_board/init.o
 .debug_macro   0x00000000       0x6c src/ASF/common/boards/user_board/init.o
 .debug_macro   0x00000000       0x22 src/ASF/common/boards/user_board/init.o
 .debug_macro   0x00000000      0x166 src/ASF/common/boards/user_board/init.o
 .debug_macro   0x00000000       0x1c src/ASF/common/boards/user_board/init.o
 .debug_macro   0x00000000       0x35 src/ASF/common/boards/user_board/init.o
 .debug_macro   0x00000000       0x66 src/ASF/common/boards/user_board/init.o
 .debug_macro   0x00000000      0x4d1 src/ASF/common/boards/user_board/init.o
 .debug_macro   0x00000000       0x44 src/ASF/common/boards/user_board/init.o
 .debug_macro   0x00000000       0x69 src/ASF/common/boards/user_board/init.o
 .debug_macro   0x00000000       0x32 src/ASF/common/boards/user_board/init.o
 .debug_macro   0x00000000       0x10 src/ASF/common/boards/user_board/init.o
 .debug_macro   0x00000000      0x175 src/ASF/common/boards/user_board/init.o
 .debug_macro   0x00000000       0x40 src/ASF/common/boards/user_board/init.o
 .debug_macro   0x00000000      0x100 src/ASF/common/boards/user_board/init.o
 .debug_macro   0x00000000      0x242 src/ASF/common/boards/user_board/init.o
 .group         0x00000000        0x8 src/HW_Interface.o
 .group         0x00000000        0x8 src/HW_Interface.o
 .group         0x00000000        0x8 src/HW_Interface.o
 .group         0x00000000        0x8 src/HW_Interface.o
 .group         0x00000000        0x8 src/HW_Interface.o
 .group         0x00000000        0x8 src/HW_Interface.o
 .group         0x00000000        0x8 src/HW_Interface.o
 .group         0x00000000        0x8 src/HW_Interface.o
 .group         0x00000000        0x8 src/HW_Interface.o
 .group         0x00000000        0x8 src/HW_Interface.o
 .group         0x00000000        0x8 src/HW_Interface.o
 .group         0x00000000        0x8 src/HW_Interface.o
 .text          0x00000000        0x0 src/HW_Interface.o
 .data          0x00000000        0x0 src/HW_Interface.o
 .bss           0x00000000        0x0 src/HW_Interface.o
 .debug_macro   0x00000000      0xa48 src/HW_Interface.o
 .debug_macro   0x00000000       0x10 src/HW_Interface.o
 .debug_macro   0x00000000      0x1ad src/HW_Interface.o
 .debug_macro   0x00000000      0x293 src/HW_Interface.o
 .debug_macro   0x00000000       0x9e src/HW_Interface.o
 .debug_macro   0x00000000     0x3a5b src/HW_Interface.o
 .debug_macro   0x00000000       0x9a src/HW_Interface.o
 .debug_macro   0x00000000       0x81 src/HW_Interface.o
 .debug_macro   0x00000000       0x34 src/HW_Interface.o
 .debug_macro   0x00000000       0x18 src/HW_Interface.o
 .debug_macro   0x00000000       0x6c src/HW_Interface.o
 .debug_macro   0x00000000       0x3a src/HW_Interface.o
 .group         0x00000000        0x8 src/main.o
 .group         0x00000000        0x8 src/main.o
 .group         0x00000000        0x8 src/main.o
 .group         0x00000000        0x8 src/main.o
 .group         0x00000000        0x8 src/main.o
 .group         0x00000000        0x8 src/main.o
 .group         0x00000000        0x8 src/main.o
 .group         0x00000000        0x8 src/main.o
 .group         0x00000000        0x8 src/main.o
 .group         0x00000000        0x8 src/main.o
 .group         0x00000000        0x8 src/main.o
 .group         0x00000000        0x8 src/main.o
 .group         0x00000000        0x8 src/main.o
 .group         0x00000000        0x8 src/main.o
 .group         0x00000000        0x8 src/main.o
 .group         0x00000000        0x8 src/main.o
 .group         0x00000000        0x8 src/main.o
 .group         0x00000000        0x8 src/main.o
 .group         0x00000000        0x8 src/main.o
 .group         0x00000000        0x8 src/main.o
 .group         0x00000000        0x8 src/main.o
 .group         0x00000000        0x8 src/main.o
 .group         0x00000000        0x8 src/main.o
 .group         0x00000000        0x8 src/main.o
 .group         0x00000000        0x8 src/main.o
 .group         0x00000000        0x8 src/main.o
 .group         0x00000000        0x8 src/main.o
 .group         0x00000000        0x8 src/main.o
 .group         0x00000000        0x8 src/main.o
 .text          0x00000000        0x0 src/main.o
 .data          0x00000000        0x0 src/main.o
 .bss           0x00000000        0x0 src/main.o
 .debug_macro   0x00000000      0xa48 src/main.o
 .debug_macro   0x00000000       0x10 src/main.o
 .debug_macro   0x00000000       0x10 src/main.o
 .debug_macro   0x00000000      0x1ad src/main.o
 .debug_macro   0x00000000      0x293 src/main.o
 .debug_macro   0x00000000       0x9e src/main.o
 .debug_macro   0x00000000     0x3a5b src/main.o
 .debug_macro   0x00000000       0x9a src/main.o
 .debug_macro   0x00000000       0x81 src/main.o
 .debug_macro   0x00000000       0x34 src/main.o
 .debug_macro   0x00000000       0x18 src/main.o
 .debug_macro   0x00000000       0x6c src/main.o
 .debug_macro   0x00000000       0x22 src/main.o
 .debug_macro   0x00000000      0x166 src/main.o
 .debug_macro   0x00000000       0x1c src/main.o
 .debug_macro   0x00000000       0x35 src/main.o
 .debug_macro   0x00000000       0x66 src/main.o
 .debug_macro   0x00000000      0x4d1 src/main.o
 .debug_macro   0x00000000       0x44 src/main.o
 .debug_macro   0x00000000       0x69 src/main.o
 .debug_macro   0x00000000       0x32 src/main.o
 .debug_macro   0x00000000       0x10 src/main.o
 .debug_macro   0x00000000      0x175 src/main.o
 .debug_macro   0x00000000       0x40 src/main.o
 .debug_macro   0x00000000      0x100 src/main.o
 .debug_macro   0x00000000      0x242 src/main.o
 .debug_macro   0x00000000       0x3a src/main.o
 .debug_macro   0x00000000       0x10 src/main.o
 .debug_macro   0x00000000      0x167 src/main.o
 .text          0x00000000        0x0 c:/program files (x86)/atmel/atmel toolchain/avr8 gcc/native/3.4.1061/avr8-gnu-toolchain/bin/../lib/gcc/avr/4.8.1/avr51\libgcc.a(_exit.o)
 .data          0x00000000        0x0 c:/program files (x86)/atmel/atmel toolchain/avr8 gcc/native/3.4.1061/avr8-gnu-toolchain/bin/../lib/gcc/avr/4.8.1/avr51\libgcc.a(_exit.o)
 .bss           0x00000000        0x0 c:/program files (x86)/atmel/atmel toolchain/avr8 gcc/native/3.4.1061/avr8-gnu-toolchain/bin/../lib/gcc/avr/4.8.1/avr51\libgcc.a(_exit.o)
 .text.libgcc.mul
                0x00000000        0x0 c:/program files (x86)/atmel/atmel toolchain/avr8 gcc/native/3.4.1061/avr8-gnu-toolchain/bin/../lib/gcc/avr/4.8.1/avr51\libgcc.a(_exit.o)
 .text.libgcc.div
                0x00000000        0x0 c:/program files (x86)/atmel/atmel toolchain/avr8 gcc/native/3.4.1061/avr8-gnu-toolchain/bin/../lib/gcc/avr/4.8.1/avr51\libgcc.a(_exit.o)
 .text.libgcc   0x00000000        0x0 c:/program files (x86)/atmel/atmel toolchain/avr8 gcc/native/3.4.1061/avr8-gnu-toolchain/bin/../lib/gcc/avr/4.8.1/avr51\libgcc.a(_exit.o)
 .text.libgcc.prologue
                0x00000000        0x0 c:/program files (x86)/atmel/atmel toolchain/avr8 gcc/native/3.4.1061/avr8-gnu-toolchain/bin/../lib/gcc/avr/4.8.1/avr51\libgcc.a(_exit.o)
 .text.libgcc.builtins
                0x00000000        0x0 c:/program files (x86)/atmel/atmel toolchain/avr8 gcc/native/3.4.1061/avr8-gnu-toolchain/bin/../lib/gcc/avr/4.8.1/avr51\libgcc.a(_exit.o)
 .text.libgcc.fmul
                0x00000000        0x0 c:/program files (x86)/atmel/atmel toolchain/avr8 gcc/native/3.4.1061/avr8-gnu-toolchain/bin/../lib/gcc/avr/4.8.1/avr51\libgcc.a(_exit.o)
 .text.libgcc.fixed
                0x00000000        0x0 c:/program files (x86)/atmel/atmel toolchain/avr8 gcc/native/3.4.1061/avr8-gnu-toolchain/bin/../lib/gcc/avr/4.8.1/avr51\libgcc.a(_exit.o)
 .text          0x00000000        0x0 c:/program files (x86)/atmel/atmel toolchain/avr8 gcc/native/3.4.1061/avr8-gnu-toolchain/bin/../lib/gcc/avr/4.8.1/avr51\libgcc.a(_copy_data.o)
 .data          0x00000000        0x0 c:/program files (x86)/atmel/atmel toolchain/avr8 gcc/native/3.4.1061/avr8-gnu-toolchain/bin/../lib/gcc/avr/4.8.1/avr51\libgcc.a(_copy_data.o)
 .bss           0x00000000        0x0 c:/program files (x86)/atmel/atmel toolchain/avr8 gcc/native/3.4.1061/avr8-gnu-toolchain/bin/../lib/gcc/avr/4.8.1/avr51\libgcc.a(_copy_data.o)
 .text.libgcc.mul
                0x00000000        0x0 c:/program files (x86)/atmel/atmel toolchain/avr8 gcc/native/3.4.1061/avr8-gnu-toolchain/bin/../lib/gcc/avr/4.8.1/avr51\libgcc.a(_copy_data.o)
 .text.libgcc.div
                0x00000000        0x0 c:/program files (x86)/atmel/atmel toolchain/avr8 gcc/native/3.4.1061/avr8-gnu-toolchain/bin/../lib/gcc/avr/4.8.1/avr51\libgcc.a(_copy_data.o)
 .text.libgcc   0x00000000        0x0 c:/program files (x86)/atmel/atmel toolchain/avr8 gcc/native/3.4.1061/avr8-gnu-toolchain/bin/../lib/gcc/avr/4.8.1/avr51\libgcc.a(_copy_data.o)
 .text.libgcc.prologue
                0x00000000        0x0 c:/program files (x86)/atmel/atmel toolchain/avr8 gcc/native/3.4.1061/avr8-gnu-toolchain/bin/../lib/gcc/avr/4.8.1/avr51\libgcc.a(_copy_data.o)
 .text.libgcc.builtins
                0x00000000        0x0 c:/program files (x86)/atmel/atmel toolchain/avr8 gcc/native/3.4.1061/avr8-gnu-toolchain/bin/../lib/gcc/avr/4.8.1/avr51\libgcc.a(_copy_data.o)
 .text.libgcc.fmul
                0x00000000        0x0 c:/program files (x86)/atmel/atmel toolchain/avr8 gcc/native/3.4.1061/avr8-gnu-toolchain/bin/../lib/gcc/avr/4.8.1/avr51\libgcc.a(_copy_data.o)
 .text.libgcc.fixed
                0x00000000        0x0 c:/program files (x86)/atmel/atmel toolchain/avr8 gcc/native/3.4.1061/avr8-gnu-toolchain/bin/../lib/gcc/avr/4.8.1/avr51\libgcc.a(_copy_data.o)
 .text          0x00000000        0x0 c:/program files (x86)/atmel/atmel toolchain/avr8 gcc/native/3.4.1061/avr8-gnu-toolchain/bin/../lib/gcc/avr/4.8.1/avr51\libgcc.a(_clear_bss.o)
 .data          0x00000000        0x0 c:/program files (x86)/atmel/atmel toolchain/avr8 gcc/native/3.4.1061/avr8-gnu-toolchain/bin/../lib/gcc/avr/4.8.1/avr51\libgcc.a(_clear_bss.o)
 .bss           0x00000000        0x0 c:/program files (x86)/atmel/atmel toolchain/avr8 gcc/native/3.4.1061/avr8-gnu-toolchain/bin/../lib/gcc/avr/4.8.1/avr51\libgcc.a(_clear_bss.o)
 .text.libgcc.mul
                0x00000000        0x0 c:/program files (x86)/atmel/atmel toolchain/avr8 gcc/native/3.4.1061/avr8-gnu-toolchain/bin/../lib/gcc/avr/4.8.1/avr51\libgcc.a(_clear_bss.o)
 .text.libgcc.div
                0x00000000        0x0 c:/program files (x86)/atmel/atmel toolchain/avr8 gcc/native/3.4.1061/avr8-gnu-toolchain/bin/../lib/gcc/avr/4.8.1/avr51\libgcc.a(_clear_bss.o)
 .text.libgcc   0x00000000        0x0 c:/program files (x86)/atmel/atmel toolchain/avr8 gcc/native/3.4.1061/avr8-gnu-toolchain/bin/../lib/gcc/avr/4.8.1/avr51\libgcc.a(_clear_bss.o)
 .text.libgcc.prologue
                0x00000000        0x0 c:/program files (x86)/atmel/atmel toolchain/avr8 gcc/native/3.4.1061/avr8-gnu-toolchain/bin/../lib/gcc/avr/4.8.1/avr51\libgcc.a(_clear_bss.o)
 .text.libgcc.builtins
                0x00000000        0x0 c:/program files (x86)/atmel/atmel toolchain/avr8 gcc/native/3.4.1061/avr8-gnu-toolchain/bin/../lib/gcc/avr/4.8.1/avr51\libgcc.a(_clear_bss.o)
 .text.libgcc.fmul
                0x00000000        0x0 c:/program files (x86)/atmel/atmel toolchain/avr8 gcc/native/3.4.1061/avr8-gnu-toolchain/bin/../lib/gcc/avr/4.8.1/avr51\libgcc.a(_clear_bss.o)
 .text.libgcc.fixed
                0x00000000        0x0 c:/program files (x86)/atmel/atmel toolchain/avr8 gcc/native/3.4.1061/avr8-gnu-toolchain/bin/../lib/gcc/avr/4.8.1/avr51\libgcc.a(_clear_bss.o)
 .text          0x00000000        0x0 c:/program files (x86)/atmel/atmel toolchain/avr8 gcc/native/3.4.1061/avr8-gnu-toolchain/bin/../lib/gcc/avr/4.8.1/avr51\libgcc.a(_umulhisi3.o)
 .data          0x00000000        0x0 c:/program files (x86)/atmel/atmel toolchain/avr8 gcc/native/3.4.1061/avr8-gnu-toolchain/bin/../lib/gcc/avr/4.8.1/avr51\libgcc.a(_umulhisi3.o)
 .bss           0x00000000        0x0 c:/program files (x86)/atmel/atmel toolchain/avr8 gcc/native/3.4.1061/avr8-gnu-toolchain/bin/../lib/gcc/avr/4.8.1/avr51\libgcc.a(_umulhisi3.o)
 .text.libgcc.div
                0x00000000        0x0 c:/program files (x86)/atmel/atmel toolchain/avr8 gcc/native/3.4.1061/avr8-gnu-toolchain/bin/../lib/gcc/avr/4.8.1/avr51\libgcc.a(_umulhisi3.o)
 .text.libgcc   0x00000000        0x0 c:/program files (x86)/atmel/atmel toolchain/avr8 gcc/native/3.4.1061/avr8-gnu-toolchain/bin/../lib/gcc/avr/4.8.1/avr51\libgcc.a(_umulhisi3.o)
 .text.libgcc.prologue
                0x00000000        0x0 c:/program files (x86)/atmel/atmel toolchain/avr8 gcc/native/3.4.1061/avr8-gnu-toolchain/bin/../lib/gcc/avr/4.8.1/avr51\libgcc.a(_umulhisi3.o)
 .text.libgcc.builtins
                0x00000000        0x0 c:/program files (x86)/atmel/atmel toolchain/avr8 gcc/native/3.4.1061/avr8-gnu-toolchain/bin/../lib/gcc/avr/4.8.1/avr51\libgcc.a(_umulhisi3.o)
 .text.libgcc.fmul
                0x00000000        0x0 c:/program files (x86)/atmel/atmel toolchain/avr8 gcc/native/3.4.1061/avr8-gnu-toolchain/bin/../lib/gcc/avr/4.8.1/avr51\libgcc.a(_umulhisi3.o)
 .text.libgcc.fixed
                0x00000000        0x0 c:/program files (x86)/atmel/atmel toolchain/avr8 gcc/native/3.4.1061/avr8-gnu-toolchain/bin/../lib/gcc/avr/4.8.1/avr51\libgcc.a(_umulhisi3.o)
 .text          0x00000000        0x0 c:/program files (x86)/atmel/atmel toolchain/avr8 gcc/native/3.4.1061/avr8-gnu-toolchain/bin/../lib/gcc/avr/4.8.1/../../../../avr/lib/avr51\libc.a(memcpy.o)
 .data          0x00000000        0x0 c:/program files (x86)/atmel/atmel toolchain/avr8 gcc/native/3.4.1061/avr8-gnu-toolchain/bin/../lib/gcc/avr/4.8.1/../../../../avr/lib/avr51\libc.a(memcpy.o)
 .bss           0x00000000        0x0 c:/program files (x86)/atmel/atmel toolchain/avr8 gcc/native/3.4.1061/avr8-gnu-toolchain/bin/../lib/gcc/avr/4.8.1/../../../../avr/lib/avr51\libc.a(memcpy.o)

Memory Configuration

Name             Origin             Length             Attributes
text             0x00000000         0x00020000         xr
data             0x00800100         0x0000ff00         rw !x
eeprom           0x00810000         0x00010000         rw !x
fuse             0x00820000         0x00000400         rw !x
lock             0x00830000         0x00000400         rw !x
signature        0x00840000         0x00000400         rw !x
user_signatures  0x00850000         0x00000400         rw !x
*default*        0x00000000         0xffffffff

Linker script and memory map

Address of section .data set to 0x800200
LOAD c:/program files (x86)/atmel/atmel toolchain/avr8 gcc/native/3.4.1061/avr8-gnu-toolchain/bin/../lib/gcc/avr/4.8.1/../../../../avr/lib/avr51/crtm128rfa1.o
LOAD src/RF.o
LOAD src/UART.o
LOAD src/ASF/common/boards/user_board/init.o
LOAD src/HW_Interface.o
LOAD src/main.o
START GROUP
LOAD c:/program files (x86)/atmel/atmel toolchain/avr8 gcc/native/3.4.1061/avr8-gnu-toolchain/bin/../lib/gcc/avr/4.8.1/../../../../avr/lib/avr51\libm.a
END GROUP
START GROUP
LOAD c:/program files (x86)/atmel/atmel toolchain/avr8 gcc/native/3.4.1061/avr8-gnu-toolchain/bin/../lib/gcc/avr/4.8.1/avr51\libgcc.a
LOAD c:/program files (x86)/atmel/atmel toolchain/avr8 gcc/native/3.4.1061/avr8-gnu-toolchain/bin/../lib/gcc/avr/4.8.1/../../../../avr/lib/avr51\libm.a
LOAD c:/program files (x86)/atmel/atmel toolchain/avr8 gcc/native/3.4.1061/avr8-gnu-toolchain/bin/../lib/gcc/avr/4.8.1/../../../../avr/lib/avr51\libc.a
END GROUP

.hash
 *(.hash)

.dynsym
 *(.dynsym)

.dynstr
 *(.dynstr)

.gnu.version
 *(.gnu.version)

.gnu.version_d
 *(.gnu.version_d)

.gnu.version_r
 *(.gnu.version_r)

.rel.init
 *(.rel.init)

.rela.init
 *(.rela.init)

.rel.text
 *(.rel.text)
 *(.rel.text.*)
 *(.rel.gnu.linkonce.t*)

.rela.text
 *(.rela.text)
 *(.rela.text.*)
 *(.rela.gnu.linkonce.t*)

.rel.fini
 *(.rel.fini)

.rela.fini
 *(.rela.fini)

.rel.rodata
 *(.rel.rodata)
 *(.rel.rodata.*)
 *(.rel.gnu.linkonce.r*)

.rela.rodata
 *(.rela.rodata)
 *(.rela.rodata.*)
 *(.rela.gnu.linkonce.r*)

.rel.data
 *(.rel.data)
 *(.rel.data.*)
 *(.rel.gnu.linkonce.d*)

.rela.data
 *(.rela.data)
 *(.rela.data.*)
 *(.rela.gnu.linkonce.d*)

.rel.ctors
 *(.rel.ctors)

.rela.ctors
 *(.rela.ctors)

.rel.dtors
 *(.rel.dtors)

.rela.dtors
 *(.rela.dtors)

.rel.got
 *(.rel.got)

.rela.got
 *(.rela.got)

.rel.bss
 *(.rel.bss)

.rela.bss
 *(.rela.bss)

.rel.plt
 *(.rel.plt)

.rela.plt
 *(.rela.plt)

.text           0x00000000      0x6b2
 *(.vectors)
 .vectors       0x00000000      0x120 c:/program files (x86)/atmel/atmel toolchain/avr8 gcc/native/3.4.1061/avr8-gnu-toolchain/bin/../lib/gcc/avr/4.8.1/../../../../avr/lib/avr51/crtm128rfa1.o
                0x00000000                __vector_default
                0x00000000                __vectors
 *(.vectors)
 *(.progmem.gcc*)
                0x00000120                . = ALIGN (0x2)
                0x00000120                __trampolines_start = .
 *(.trampolines)
 .trampolines   0x00000120        0x0 linker stubs
 *(.trampolines*)
                0x00000120                __trampolines_end = .
 *(.progmem*)
                0x00000120                . = ALIGN (0x2)
 *(.jumptables)
 *(.jumptables*)
 *(.lowtext)
 *(.lowtext*)
                0x00000120                __ctors_start = .
 *(.ctors)
                0x00000120                __ctors_end = .
                0x00000120                __dtors_start = .
 *(.dtors)
                0x00000120                __dtors_end = .
 SORT(*)(.ctors)
 SORT(*)(.dtors)
 *(.init0)
 .init0         0x00000120        0x0 c:/program files (x86)/atmel/atmel toolchain/avr8 gcc/native/3.4.1061/avr8-gnu-toolchain/bin/../lib/gcc/avr/4.8.1/../../../../avr/lib/avr51/crtm128rfa1.o
                0x00000120                __init
 *(.init0)
 *(.init1)
 *(.init1)
 *(.init2)
 .init2         0x00000120        0xc c:/program files (x86)/atmel/atmel toolchain/avr8 gcc/native/3.4.1061/avr8-gnu-toolchain/bin/../lib/gcc/avr/4.8.1/../../../../avr/lib/avr51/crtm128rfa1.o
 *(.init2)
 *(.init3)
 *(.init3)
 *(.init4)
 .init4         0x0000012c       0x1a c:/program files (x86)/atmel/atmel toolchain/avr8 gcc/native/3.4.1061/avr8-gnu-toolchain/bin/../lib/gcc/avr/4.8.1/avr51\libgcc.a(_copy_data.o)
                0x0000012c                __do_copy_data
 .init4         0x00000146       0x10 c:/program files (x86)/atmel/atmel toolchain/avr8 gcc/native/3.4.1061/avr8-gnu-toolchain/bin/../lib/gcc/avr/4.8.1/avr51\libgcc.a(_clear_bss.o)
                0x00000146                __do_clear_bss
 *(.init4)
 *(.init5)
 *(.init5)
 *(.init6)
 *(.init6)
 *(.init7)
 *(.init7)
 *(.init8)
 *(.init8)
 *(.init9)
 .init9         0x00000156        0x4 c:/program files (x86)/atmel/atmel toolchain/avr8 gcc/native/3.4.1061/avr8-gnu-toolchain/bin/../lib/gcc/avr/4.8.1/../../../../avr/lib/avr51/crtm128rfa1.o
 *(.init9)
 *(.text)
 .text          0x0000015a        0x2 c:/program files (x86)/atmel/atmel toolchain/avr8 gcc/native/3.4.1061/avr8-gnu-toolchain/bin/../lib/gcc/avr/4.8.1/../../../../avr/lib/avr51/crtm128rfa1.o
                0x0000015a                __vector_38
                0x0000015a                __vector_22
                0x0000015a                __vector_28
                0x0000015a                __vector_67
                0x0000015a                __vector_1
                0x0000015a                __vector_32
                0x0000015a                __vector_71
                0x0000015a                __vector_34
                0x0000015a                __vector_62
                0x0000015a                __vector_24
                0x0000015a                __vector_12
                0x0000015a                __vector_55
                0x0000015a                __vector_69
                0x0000015a                __vector_46
                0x0000015a                __bad_interrupt
                0x0000015a                __vector_6
                0x0000015a                __vector_31
                0x0000015a                __vector_35
                0x0000015a                __vector_39
                0x0000015a                __vector_3
                0x0000015a                __vector_23
                0x0000015a                __vector_68
                0x0000015a                __vector_30
                0x0000015a                __vector_45
                0x0000015a                __vector_25
                0x0000015a                __vector_61
                0x0000015a                __vector_11
                0x0000015a                __vector_54
                0x0000015a                __vector_13
                0x0000015a                __vector_19
                0x0000015a                __vector_56
                0x0000015a                __vector_7
                0x0000015a                __vector_49
                0x0000015a                __vector_41
                0x0000015a                __vector_64
                0x0000015a                __vector_43
                0x0000015a                __vector_27
                0x0000015a                __vector_5
                0x0000015a                __vector_33
                0x0000015a                __vector_47
                0x0000015a                __vector_52
                0x0000015a                __vector_37
                0x0000015a                __vector_4
                0x0000015a                __vector_44
                0x0000015a                __vector_51
                0x0000015a                __vector_9
                0x0000015a                __vector_2
                0x0000015a                __vector_21
                0x0000015a                __vector_15
                0x0000015a                __vector_66
                0x0000015a                __vector_36
                0x0000015a                __vector_58
                0x0000015a                __vector_70
                0x0000015a                __vector_29
                0x0000015a                __vector_40
                0x0000015a                __vector_8
                0x0000015a                __vector_26
                0x0000015a                __vector_48
                0x0000015a                __vector_14
                0x0000015a                __vector_57
                0x0000015a                __vector_53
                0x0000015a                __vector_10
                0x0000015a                __vector_50
                0x0000015a                __vector_16
                0x0000015a                __vector_18
                0x0000015a                __vector_20
                0x0000015a                __vector_42
                0x0000015a                __vector_65
                0x0000015c                . = ALIGN (0x2)
 *(.text.*)
 .text.rfBegin  0x0000015c       0x7a src/RF.o
                0x0000015c                rfBegin
 .text.rfWrite  0x000001d6       0x4e src/RF.o
                0x000001d6                rfWrite
 .text.__vector_63
                0x00000224       0x56 src/RF.o
                0x00000224                __vector_63
 .text.__vector_59
                0x0000027a       0x5e src/RF.o
                0x0000027a                __vector_59
 .text.__vector_60
                0x000002d8      0x19e src/RF.o
                0x000002d8                __vector_60
 .text.USART_Send
                0x00000476       0x14 src/UART.o
                0x00000476                USART_Send
 .text.USART_Send_String
                0x0000048a       0x1c src/UART.o
                0x0000048a                USART_Send_String
 .text.USART_Init
                0x000004a6       0x36 src/UART.o
                0x000004a6                USART_Init
 .text.board_init
                0x000004dc       0x24 src/ASF/common/boards/user_board/init.o
                0x000004dc                board_init
 .text.led_control
                0x00000500       0xa0 src/HW_Interface.o
                0x00000500                led_control
 .text.setup    0x000005a0       0x34 src/main.o
                0x000005a0                setup
 .text.main     0x000005d4       0x28 src/main.o
                0x000005d4                main
 .text.__vector_17
                0x000005fc       0x82 src/main.o
                0x000005fc                __vector_17
 .text.libgcc.mul
                0x0000067e       0x1e c:/program files (x86)/atmel/atmel toolchain/avr8 gcc/native/3.4.1061/avr8-gnu-toolchain/bin/../lib/gcc/avr/4.8.1/avr51\libgcc.a(_umulhisi3.o)
                0x0000067e                __umulhisi3
 .text.avr-libc
                0x0000069c       0x12 c:/program files (x86)/atmel/atmel toolchain/avr8 gcc/native/3.4.1061/avr8-gnu-toolchain/bin/../lib/gcc/avr/4.8.1/../../../../avr/lib/avr51\libc.a(memcpy.o)
                0x0000069c                memcpy
                0x000006ae                . = ALIGN (0x2)
 *(.fini9)
 .fini9         0x000006ae        0x0 c:/program files (x86)/atmel/atmel toolchain/avr8 gcc/native/3.4.1061/avr8-gnu-toolchain/bin/../lib/gcc/avr/4.8.1/avr51\libgcc.a(_exit.o)
                0x000006ae                _exit
                0x000006ae                exit
 *(.fini9)
 *(.fini8)
 *(.fini8)
 *(.fini7)
 *(.fini7)
 *(.fini6)
 *(.fini6)
 *(.fini5)
 *(.fini5)
 *(.fini4)
 *(.fini4)
 *(.fini3)
 *(.fini3)
 *(.fini2)
 *(.fini2)
 *(.fini1)
 *(.fini1)
 *(.fini0)
 .fini0         0x000006ae        0x4 c:/program files (x86)/atmel/atmel toolchain/avr8 gcc/native/3.4.1061/avr8-gnu-toolchain/bin/../lib/gcc/avr/4.8.1/avr51\libgcc.a(_exit.o)
 *(.fini0)
                0x000006b2                _etext = .

.data           0x00800200       0x2c load address 0x000006b2
                0x00800200                PROVIDE (__data_start, .)
 *(.data)
 *(.data*)
 *(.rodata)
 *(.rodata*)
 .rodata.str1.1
                0x00800200       0x21 src/UART.o
 .rodata.str1.1
                0x00800221        0xb src/main.o
 *(.gnu.linkonce.d*)
                0x0080022c                . = ALIGN (0x2)
                0x0080022c                _edata = .
                0x0080022c                PROVIDE (__data_end, .)

.bss            0x0080022c       0x86
                0x0080022c                PROVIDE (__bss_start, .)
 *(.bss)
 *(.bss*)
 .bss.mem.2869  0x0080022c        0x2 src/main.o
 *(COMMON)
 COMMON         0x0080022e       0x84 src/RF.o
                0x0080022e                radioRXBuffer
                0x008002b1                rssiRaw
                0x008002b2                PROVIDE (__bss_end, .)
                0x000006b2                __data_load_start = LOADADDR (.data)
                0x000006de                __data_load_end = (__data_load_start + SIZEOF (.data))

.noinit         0x008002b2        0x0
                0x008002b2                PROVIDE (__noinit_start, .)
 *(.noinit*)
                0x008002b2                PROVIDE (__noinit_end, .)
                0x008002b2                _end = .
                0x008002b2                PROVIDE (__heap_start, .)

.eeprom         0x00810000        0x0
 *(.eeprom*)
                0x00810000                __eeprom_end = .

.fuse
 *(.fuse)
 *(.lfuse)
 *(.hfuse)
 *(.efuse)

.lock
 *(.lock*)

.signature
 *(.signature*)

.user_signatures
 *(.user_signatures*)

.stab
 *(.stab)

.stabstr
 *(.stabstr)

.stab.excl
 *(.stab.excl)

.stab.exclstr
 *(.stab.exclstr)

.stab.index
 *(.stab.index)

.stab.indexstr
 *(.stab.indexstr)

.comment        0x00000000       0x30
 *(.comment)
 .comment       0x00000000       0x30 src/RF.o
                                 0x31 (size before relaxing)
 .comment       0x00000000       0x31 src/UART.o
 .comment       0x00000000       0x31 src/ASF/common/boards/user_board/init.o
 .comment       0x00000000       0x31 src/HW_Interface.o
 .comment       0x00000000       0x31 src/main.o

.note.gnu.build-id
 *(.note.gnu.build-id)

.debug
 *(.debug)

.line
 *(.line)

.debug_srcinfo
 *(.debug_srcinfo)

.debug_sfnames
 *(.debug_sfnames)

.debug_aranges  0x00000000       0xf0
 *(.debug_aranges)
 .debug_aranges
                0x00000000       0x50 src/RF.o
 .debug_aranges
                0x00000050       0x30 src/UART.o
 .debug_aranges
                0x00000080       0x20 src/ASF/common/boards/user_board/init.o
 .debug_aranges
                0x000000a0       0x20 src/HW_Interface.o
 .debug_aranges
                0x000000c0       0x30 src/main.o

.debug_pubnames
 *(.debug_pubnames)

.debug_info     0x00000000      0x951
 *(.debug_info .gnu.linkonce.wi.*)
 .debug_info    0x00000000      0x3c7 src/RF.o
 .debug_info    0x000003c7      0x1b0 src/UART.o
 .debug_info    0x00000577       0x92 src/ASF/common/boards/user_board/init.o
 .debug_info    0x00000609       0xa6 src/HW_Interface.o
 .debug_info    0x000006af      0x2a2 src/main.o

.debug_abbrev   0x00000000      0x5d8
 *(.debug_abbrev)
 .debug_abbrev  0x00000000      0x21b src/RF.o
 .debug_abbrev  0x0000021b      0x142 src/UART.o
 .debug_abbrev  0x0000035d       0x54 src/ASF/common/boards/user_board/init.o
 .debug_abbrev  0x000003b1       0x63 src/HW_Interface.o
 .debug_abbrev  0x00000414      0x1c4 src/main.o

.debug_line     0x00000000     0x1450
 *(.debug_line .debug_line.* .debug_line_end)
 .debug_line    0x00000000      0x4ca src/RF.o
 .debug_line    0x000004ca      0x49c src/UART.o
 .debug_line    0x00000966      0x393 src/ASF/common/boards/user_board/init.o
 .debug_line    0x00000cf9      0x25b src/HW_Interface.o
 .debug_line    0x00000f54      0x4fc src/main.o

.debug_frame    0x00000000      0x2c8
 *(.debug_frame)
 .debug_frame   0x00000000      0x1a4 src/RF.o
 .debug_frame   0x000001a4       0x50 src/UART.o
 .debug_frame   0x000001f4       0x24 src/ASF/common/boards/user_board/init.o
 .debug_frame   0x00000218       0x24 src/HW_Interface.o
 .debug_frame   0x0000023c       0x8c src/main.o

.debug_str      0x00000000    0x16699
 *(.debug_str)
 .debug_str     0x00000000     0xe038 src/RF.o
                               0xe1de (size before relaxing)
 .debug_str     0x0000e038     0x85bf src/UART.o
                              0x16130 (size before relaxing)
 .debug_str     0x000165f7       0x3f src/ASF/common/boards/user_board/init.o
                              0x15c86 (size before relaxing)
 .debug_str     0x00016636       0x22 src/HW_Interface.o
                               0xcf85 (size before relaxing)
 .debug_str     0x00016658       0x41 src/main.o
                              0x16186 (size before relaxing)

.debug_loc      0x00000000      0x6f3
 *(.debug_loc)
 .debug_loc     0x00000000      0x434 src/RF.o
 .debug_loc     0x00000434       0xa0 src/UART.o
 .debug_loc     0x000004d4      0x100 src/HW_Interface.o
 .debug_loc     0x000005d4      0x11f src/main.o

.debug_macinfo
 *(.debug_macinfo)

.debug_weaknames
 *(.debug_weaknames)

.debug_funcnames
 *(.debug_funcnames)

.debug_typenames
 *(.debug_typenames)

.debug_varnames
 *(.debug_varnames)

.debug_pubtypes
 *(.debug_pubtypes)

.debug_ranges   0x00000000       0xa0
 *(.debug_ranges)
 .debug_ranges  0x00000000       0x40 src/RF.o
 .debug_ranges  0x00000040       0x20 src/UART.o
 .debug_ranges  0x00000060       0x10 src/ASF/common/boards/user_board/init.o
 .debug_ranges  0x00000070       0x10 src/HW_Interface.o
 .debug_ranges  0x00000080       0x20 src/main.o

.debug_macro    0x00000000     0x638e
 *(.debug_macro)
 .debug_macro   0x00000000      0x129 src/RF.o
 .debug_macro   0x00000129      0xa48 src/RF.o
 .debug_macro   0x00000b71       0x1c src/RF.o
 .debug_macro   0x00000b8d      0x10e src/RF.o
 .debug_macro   0x00000c9b       0x66 src/RF.o
 .debug_macro   0x00000d01       0x16 src/RF.o
 .debug_macro   0x00000d17       0x20 src/RF.o
 .debug_macro   0x00000d37       0x3a src/RF.o
 .debug_macro   0x00000d71       0x10 src/RF.o
 .debug_macro   0x00000d81      0x1ad src/RF.o
 .debug_macro   0x00000f2e      0x293 src/RF.o
 .debug_macro   0x000011c1      0x167 src/RF.o
 .debug_macro   0x00001328       0x58 src/RF.o
 .debug_macro   0x00001380       0x10 src/RF.o
 .debug_macro   0x00001390       0xeb src/RF.o
 .debug_macro   0x0000147b       0xaa src/RF.o
 .debug_macro   0x00001525     0x3a5b src/RF.o
 .debug_macro   0x00004f80       0x9a src/RF.o
 .debug_macro   0x0000501a       0x81 src/RF.o
 .debug_macro   0x0000509b       0x34 src/RF.o
 .debug_macro   0x000050cf       0x18 src/RF.o
 .debug_macro   0x000050e7       0x6c src/RF.o
 .debug_macro   0x00005153       0x69 src/RF.o
 .debug_macro   0x000051bc      0x180 src/UART.o
 .debug_macro   0x0000533c       0x10 src/UART.o
 .debug_macro   0x0000534c       0x10 src/UART.o
 .debug_macro   0x0000535c       0x9e src/UART.o
 .debug_macro   0x000053fa       0x22 src/UART.o
 .debug_macro   0x0000541c      0x166 src/UART.o
 .debug_macro   0x00005582       0x35 src/UART.o
 .debug_macro   0x000055b7      0x4d1 src/UART.o
 .debug_macro   0x00005a88       0x44 src/UART.o
 .debug_macro   0x00005acc       0x32 src/UART.o
 .debug_macro   0x00005afe       0x10 src/UART.o
 .debug_macro   0x00005b0e      0x175 src/UART.o
 .debug_macro   0x00005c83       0x40 src/UART.o
 .debug_macro   0x00005cc3      0x100 src/UART.o
 .debug_macro   0x00005dc3      0x242 src/UART.o
 .debug_macro   0x00006005      0x151 src/ASF/common/boards/user_board/init.o
 .debug_macro   0x00006156       0x9a src/HW_Interface.o
 .debug_macro   0x000061f0      0x19e src/main.o
OUTPUT(EarlyTest.elf elf32-avr)
LOAD linker stubs
